#25 asdasd
#25 Hasjln2
#25 aa22ss
#25 sadasd_asda
#42 23
#25 ab
#1 _
#25 abc
#15 {
#25 abc