#2 class
#25 A
#7 if
#18 (
#25 b
#19 )
#4 int
#25 x
#22 ;
#5 float
#25 f
#22 ;
#14 extern
#11 return
#25 a
#22 ;
#25 classA
#25 whiletrue
#7 if
#18 (
#25 b
#19 )
#25 intx
#22 ;
#25 breakcontinue
#22 ;
