#42 1
#42 01
#42 12398891
#25 nasdasd1
#43 0.121
#43 111.2133
#24 .
#42 12313
#42 123123
#24 .
#24 .
#24 .
#44 true
#45 false
#25 atrue
#25 false123